Release 14.7 - xst P.20131013 (lin64)
Copyright (c) 1995-2013 Xilinx, Inc.  All rights reserved.
--> 
Parameter TMPDIR set to xst/projnav.tmp


Total REAL time to Xst completion: 1.00 secs
Total CPU time to Xst completion: 0.05 secs
 
--> 
Parameter xsthdpdir set to xst


Total REAL time to Xst completion: 1.00 secs
Total CPU time to Xst completion: 0.05 secs
 
--> 
Reading design: SendChars.prj

TABLE OF CONTENTS
  1) Synthesis Options Summary
  2) HDL Parsing
  3) HDL Elaboration
  4) HDL Synthesis
       4.1) HDL Synthesis Report
  5) Advanced HDL Synthesis
       5.1) Advanced HDL Synthesis Report
  6) Low Level Synthesis
  7) Partition Report
  8) Design Summary
       8.1) Primitive and Black Box Usage
       8.2) Device utilization summary
       8.3) Partition Resource Summary
       8.4) Timing Report
            8.4.1) Clock Information
            8.4.2) Asynchronous Control Signals Information
            8.4.3) Timing Summary
            8.4.4) Timing Details
            8.4.5) Cross Clock Domains Report


=========================================================================
*                      Synthesis Options Summary                        *
=========================================================================
---- Source Parameters
Input File Name                    : "SendChars.prj"
Ignore Synthesis Constraint File   : NO

---- Target Parameters
Output File Name                   : "SendChars"
Output Format                      : NGC
Target Device                      : xc6slx16-3-csg324

---- Source Options
Top Module Name                    : SendChars
Automatic FSM Extraction           : YES
FSM Encoding Algorithm             : Auto
Safe Implementation                : No
FSM Style                          : LUT
RAM Extraction                     : Yes
RAM Style                          : Auto
ROM Extraction                     : Yes
Shift Register Extraction          : YES
ROM Style                          : Auto
Resource Sharing                   : YES
Asynchronous To Synchronous        : NO
Shift Register Minimum Size        : 2
Use DSP Block                      : Auto
Automatic Register Balancing       : No

---- Target Options
LUT Combining                      : Auto
Reduce Control Sets                : Auto
Add IO Buffers                     : YES
Global Maximum Fanout              : 100000
Add Generic Clock Buffer(BUFG)     : 16
Register Duplication               : YES
Optimize Instantiated Primitives   : NO
Use Clock Enable                   : Auto
Use Synchronous Set                : Auto
Use Synchronous Reset              : Auto
Pack IO Registers into IOBs        : Auto
Equivalent register Removal        : YES

---- General Options
Optimization Goal                  : Speed
Optimization Effort                : 1
Power Reduction                    : NO
Keep Hierarchy                     : No
Netlist Hierarchy                  : As_Optimized
RTL Output                         : Yes
Global Optimization                : AllClockNets
Read Cores                         : YES
Write Timing Constraints           : NO
Cross Clock Analysis               : NO
Hierarchy Separator                : /
Bus Delimiter                      : <>
Case Specifier                     : Maintain
Slice Utilization Ratio            : 100
BRAM Utilization Ratio             : 100
DSP48 Utilization Ratio            : 100
Auto BRAM Packing                  : NO
Slice Utilization Ratio Delta      : 5

---- Other Options
Cores Search Directories           : {"ipcore_dir"  }

=========================================================================


=========================================================================
*                          HDL Parsing                                  *
=========================================================================
Analyzing Verilog file "/home/a/workspace/Digital-Systems/Lab4-Part2-RAMwithHyperTerminalDisplay/SendChars.v" into library work
Parsing module <SendChars>.

=========================================================================
*                            HDL Elaboration                            *
=========================================================================

Elaborating module <SendChars>.

=========================================================================
*                           HDL Synthesis                               *
=========================================================================

Synthesizing Unit <SendChars>.
    Related source file is "/home/a/workspace/Digital-Systems/Lab4-Part2-RAMwithHyperTerminalDisplay/SendChars.v".
        newline = 6'b100000
        carriagereturn = 6'b100001
    Found 6-bit register for signal <RAMAddress>.
    Found 2-bit register for signal <specialCharacter>.
    Found 1-bit register for signal <Transmitting>.
    Found 1-bit register for signal <write_to_uart>.
    Found finite state machine <FSM_0> for signal <specialCharacter>.
    -----------------------------------------------------------------------
    | States             | 3                                              |
    | Transitions        | 13                                             |
    | Inputs             | 4                                              |
    | Outputs            | 2                                              |
    | Clock              | Clock (rising_edge)                            |
    | Reset              | Reset (positive)                               |
    | Reset type         | synchronous                                    |
    | Reset State        | 00                                             |
    | Encoding           | auto                                           |
    | Implementation     | LUT                                            |
    -----------------------------------------------------------------------
    Found 7-bit adder for signal <n0045> created at line 25.
    Found 6-bit adder for signal <RAMAddress[5]_GND_1_o_add_6_OUT> created at line 26.
    Found 7-bit comparator greater for signal <GND_1_o_BUS_0001_LessThan_6_o> created at line 25
    Summary:
	inferred   2 Adder/Subtractor(s).
	inferred   8 D-type flip-flop(s).
	inferred   1 Comparator(s).
	inferred   3 Multiplexer(s).
	inferred   1 Finite State Machine(s).
Unit <SendChars> synthesized.

=========================================================================
HDL Synthesis Report

Macro Statistics
# Adders/Subtractors                                   : 2
 6-bit adder                                           : 1
 7-bit adder                                           : 1
# Registers                                            : 3
 1-bit register                                        : 2
 6-bit register                                        : 1
# Comparators                                          : 1
 7-bit comparator greater                              : 1
# Multiplexers                                         : 3
 6-bit 2-to-1 multiplexer                              : 3
# FSMs                                                 : 1

=========================================================================

=========================================================================
*                       Advanced HDL Synthesis                          *
=========================================================================


=========================================================================
Advanced HDL Synthesis Report

Macro Statistics
# Adders/Subtractors                                   : 2
 6-bit adder                                           : 1
 7-bit adder                                           : 1
# Registers                                            : 8
 Flip-Flops                                            : 8
# Comparators                                          : 1
 7-bit comparator greater                              : 1
# Multiplexers                                         : 3
 6-bit 2-to-1 multiplexer                              : 3
# FSMs                                                 : 1

=========================================================================

=========================================================================
*                         Low Level Synthesis                           *
=========================================================================
Analyzing FSM <MFsm> for best encoding.
Optimizing FSM <FSM_0> on signal <specialCharacter[1:2]> with user encoding.
-------------------
 State | Encoding
-------------------
 00    | 00
 01    | 01
 10    | 10
-------------------

Optimizing unit <SendChars> ...

Mapping all equations...
Building and optimizing final netlist ...
Found area constraint ratio of 100 (+ 5) on block SendChars, actual ratio is 0.

Final Macro Processing ...

=========================================================================
Final Register Report

Macro Statistics
# Registers                                            : 10
 Flip-Flops                                            : 10

=========================================================================

=========================================================================
*                           Partition Report                            *
=========================================================================

Partition Implementation Status
-------------------------------

  No Partitions were found in this design.

-------------------------------

=========================================================================
*                            Design Summary                             *
=========================================================================

Top Level Output File Name         : SendChars.ngc

Primitive and Black Box Usage:
------------------------------
# BELS                             : 27
#      LUT2                        : 2
#      LUT3                        : 3
#      LUT4                        : 7
#      LUT5                        : 4
#      LUT6                        : 11
# FlipFlops/Latches                : 10
#      FDR                         : 4
#      FDRE                        : 6
# Clock Buffers                    : 1
#      BUFGP                       : 1
# IO Buffers                       : 18
#      IBUF                        : 10
#      OBUF                        : 8

Device utilization summary:
---------------------------

Selected Device : 6slx16csg324-3 


Slice Logic Utilization: 
 Number of Slice Registers:              10  out of  18224     0%  
 Number of Slice LUTs:                   27  out of   9112     0%  
    Number used as Logic:                27  out of   9112     0%  

Slice Logic Distribution: 
 Number of LUT Flip Flop pairs used:     27
   Number with an unused Flip Flop:      17  out of     27    62%  
   Number with an unused LUT:             0  out of     27     0%  
   Number of fully used LUT-FF pairs:    10  out of     27    37%  
   Number of unique control sets:         2

IO Utilization: 
 Number of IOs:                          19
 Number of bonded IOBs:                  19  out of    232     8%  

Specific Feature Utilization:
 Number of BUFG/BUFGCTRLs:                1  out of     16     6%  

---------------------------
Partition Resource Summary:
---------------------------

  No Partitions were found in this design.

---------------------------


=========================================================================
Timing Report

NOTE: THESE TIMING NUMBERS ARE ONLY A SYNTHESIS ESTIMATE.
      FOR ACCURATE TIMING INFORMATION PLEASE REFER TO THE TRACE REPORT
      GENERATED AFTER PLACE-and-ROUTE.

Clock Information:
------------------
-----------------------------------+------------------------+-------+
Clock Signal                       | Clock buffer(FF name)  | Load  |
-----------------------------------+------------------------+-------+
Clock                              | BUFGP                  | 10    |
-----------------------------------+------------------------+-------+

Asynchronous Control Signals Information:
----------------------------------------
No asynchronous control signals found in this design

Timing Summary:
---------------
Speed Grade: -3

   Minimum period: 3.620ns (Maximum Frequency: 276.270MHz)
   Minimum input arrival time before clock: 4.234ns
   Maximum output required time after clock: 3.874ns
   Maximum combinational path delay: No path found

Timing Details:
---------------
All values displayed in nanoseconds (ns)

=========================================================================
Timing constraint: Default period analysis for Clock 'Clock'
  Clock period: 3.620ns (frequency: 276.270MHz)
  Total number of paths / destination ports: 155 / 16
-------------------------------------------------------------------------
Delay:               3.620ns (Levels of Logic = 3)
  Source:            RAMAddress_2 (FF)
  Destination:       RAMAddress_5 (FF)
  Source Clock:      Clock rising
  Destination Clock: Clock rising

  Data Path: RAMAddress_2 to RAMAddress_5
                                Gate     Net
    Cell:in->out      fanout   Delay   Delay  Logical Name (Net Name)
    ----------------------------------------  ------------
     FDRE:C->Q             8   0.447   1.031  RAMAddress_2 (RAMAddress_2)
     LUT4:I1->O            2   0.205   0.617  Madd_RAMAddress[5]_GND_1_o_add_6_OUT_cy<3>11 (Madd_RAMAddress[5]_GND_1_o_add_6_OUT_cy<3>)
     LUT4:I3->O            1   0.205   0.808  GND_1_o_BUS_0001_LessThan_6_o14_SW2 (N13)
     LUT6:I3->O            1   0.205   0.000  Mmux__n006861 (_n0068<5>)
     FDRE:D                    0.102          RAMAddress_5
    ----------------------------------------
    Total                      3.620ns (1.164ns logic, 2.456ns route)
                                       (32.2% logic, 67.8% route)

=========================================================================
Timing constraint: Default OFFSET IN BEFORE for Clock 'Clock'
  Total number of paths / destination ports: 78 / 26
-------------------------------------------------------------------------
Offset:              4.234ns (Levels of Logic = 4)
  Source:            NumberOfChars<0> (PAD)
  Destination:       RAMAddress_0 (FF)
  Destination Clock: Clock rising

  Data Path: NumberOfChars<0> to RAMAddress_0
                                Gate     Net
    Cell:in->out      fanout   Delay   Delay  Logical Name (Net Name)
    ----------------------------------------  ------------
     IBUF:I->O             1   1.222   0.944  NumberOfChars_0_IBUF (NumberOfChars_0_IBUF)
     LUT6:I0->O            1   0.203   0.580  GND_1_o_BUS_0001_LessThan_6_o11 (GND_1_o_BUS_0001_LessThan_6_o1)
     LUT6:I5->O            7   0.205   0.774  GND_1_o_BUS_0001_LessThan_6_o14_SW0 (N6)
     LUT6:I5->O            1   0.205   0.000  Mmux__n006861 (_n0068<5>)
     FDRE:D                    0.102          RAMAddress_5
    ----------------------------------------
    Total                      4.234ns (1.937ns logic, 2.297ns route)
                                       (45.7% logic, 54.3% route)

=========================================================================
Timing constraint: Default OFFSET OUT AFTER for Clock 'Clock'
  Total number of paths / destination ports: 8 / 8
-------------------------------------------------------------------------
Offset:              3.874ns (Levels of Logic = 1)
  Source:            RAMAddress_5 (FF)
  Destination:       RAMAddress<5> (PAD)
  Source Clock:      Clock rising

  Data Path: RAMAddress_5 to RAMAddress<5>
                                Gate     Net
    Cell:in->out      fanout   Delay   Delay  Logical Name (Net Name)
    ----------------------------------------  ------------
     FDRE:C->Q            10   0.447   0.856  RAMAddress_5 (RAMAddress_5)
     OBUF:I->O                 2.571          RAMAddress_5_OBUF (RAMAddress<5>)
    ----------------------------------------
    Total                      3.874ns (3.018ns logic, 0.856ns route)
                                       (77.9% logic, 22.1% route)

=========================================================================

Cross Clock Domains Report:
--------------------------

Clock to Setup on destination clock Clock
---------------+---------+---------+---------+---------+
               | Src:Rise| Src:Fall| Src:Rise| Src:Fall|
Source Clock   |Dest:Rise|Dest:Rise|Dest:Fall|Dest:Fall|
---------------+---------+---------+---------+---------+
Clock          |    3.620|         |         |         |
---------------+---------+---------+---------+---------+

=========================================================================


Total REAL time to Xst completion: 5.00 secs
Total CPU time to Xst completion: 4.61 secs
 
--> 


Total memory usage is 387340 kilobytes

Number of errors   :    0 (   0 filtered)
Number of warnings :    0 (   0 filtered)
Number of infos    :    0 (   0 filtered)

