--------------------------------------------------------------------------------
Release 14.7 Trace  (nt64)
Copyright (c) 1995-2013 Xilinx, Inc.  All rights reserved.

C:\Xilinx\14.7\ISE_DS\ISE\bin\nt64\unwrapped\trce.exe -intstyle ise -v 3 -s 3
-n 3 -fastpaths -xml PongWithSound.twx PongWithSound.ncd -o PongWithSound.twr
PongWithSound.pcf -ucf pinout.ucf

Design file:              PongWithSound.ncd
Physical constraint file: PongWithSound.pcf
Device,package,speed:     xc6slx16,csg324,C,-3 (PRODUCTION 1.23 2013-10-13)
Report level:             verbose report

Environment Variable      Effect 
--------------------      ------ 
NONE                      No environment variables were set
--------------------------------------------------------------------------------

INFO:Timing:2698 - No timing constraints found, doing default enumeration.
INFO:Timing:3412 - To improve timing, see the Timing Closure User Guide (UG612).
INFO:Timing:2752 - To get complete path coverage, use the unconstrained paths 
   option. All paths that are not constrained will be reported in the 
   unconstrained paths section(s) of the report.
INFO:Timing:3339 - The clock-to-out numbers in this timing report are based on 
   a 50 Ohm transmission line loading model.  For the details of this model, 
   and for more information on accounting for different loading conditions, 
   please see the device datasheet.



Data Sheet report:
-----------------
All values displayed in nanoseconds (ns)

Setup/Hold to clock Clock
------------+------------+------------+------------+------------+------------------+--------+
            |Max Setup to|  Process   |Max Hold to |  Process   |                  | Clock  |
Source      | clk (edge) |   Corner   | clk (edge) |   Corner   |Internal Clock(s) | Phase  |
------------+------------+------------+------------+------------+------------------+--------+
Reset       |    6.829(R)|      SLOW  |    0.129(R)|      SLOW  |Clock_BUFGP       |   0.000|
rota        |    0.835(R)|      FAST  |   -0.256(R)|      SLOW  |Clock_BUFGP       |   0.000|
rotb        |    0.682(R)|      FAST  |   -0.076(R)|      SLOW  |Clock_BUFGP       |   0.000|
------------+------------+------------+------------+------------+------------------+--------+

Clock Clock to Pad
------------+-----------------+------------+-----------------+------------+------------------+--------+
            |Max (slowest) clk|  Process   |Min (fastest) clk|  Process   |                  | Clock  |
Destination |  (edge) to PAD  |   Corner   |  (edge) to PAD  |   Corner   |Internal Clock(s) | Phase  |
------------+-----------------+------------+-----------------+------------+------------------+--------+
Speaker     |         8.934(R)|      SLOW  |         4.472(R)|      FAST  |Clock_BUFGP       |   0.000|
blue<0>     |        13.241(R)|      SLOW  |         5.474(R)|      FAST  |Clock_BUFGP       |   0.000|
blue<1>     |        12.814(R)|      SLOW  |         4.756(R)|      FAST  |Clock_BUFGP       |   0.000|
green<2>    |        12.840(R)|      SLOW  |         4.746(R)|      FAST  |Clock_BUFGP       |   0.000|
hsync       |        10.649(R)|      SLOW  |         5.157(R)|      FAST  |Clock_BUFGP       |   0.000|
red<2>      |        12.062(R)|      SLOW  |         4.986(R)|      FAST  |Clock_BUFGP       |   0.000|
vsync       |         9.899(R)|      SLOW  |         4.741(R)|      FAST  |Clock_BUFGP       |   0.000|
------------+-----------------+------------+-----------------+------------+------------------+--------+

Clock to Setup on destination clock Clock
---------------+---------+---------+---------+---------+
               | Src:Rise| Src:Fall| Src:Rise| Src:Fall|
Source Clock   |Dest:Rise|Dest:Rise|Dest:Fall|Dest:Fall|
---------------+---------+---------+---------+---------+
Clock          |    5.851|         |         |         |
---------------+---------+---------+---------+---------+


Analysis completed Thu Nov 12 13:54:11 2015 
--------------------------------------------------------------------------------

Trace Settings:
-------------------------
Trace Settings 

Peak Memory Usage: 226 MB



